#! /usr/bin/vvp
:ivl_version "13.0 (stable)" "(v13_0)";
:ivl_delay_selection "TYPICAL";
:vpi_time_precision + 0;
:vpi_module "/usr/lib64/ivl/system.vpi";
:vpi_module "/usr/lib64/ivl/vhdl_sys.vpi";
:vpi_module "/usr/lib64/ivl/vhdl_textio.vpi";
:vpi_module "/usr/lib64/ivl/v2005_math.vpi";
:vpi_module "/usr/lib64/ivl/va_math.vpi";
S_0x55884899eb10 .scope module, "sev_seg_hex_dec" "sev_seg_hex_dec" 2 1;
 .timescale 0 0;
    .port_info 0 /INPUT 4 "in";
    .port_info 1 /OUTPUT 7 "out";
L_0x5588489c2fd0 .functor NOT 7, v0x5588489c2eb0_0, C4<0000000>, C4<0000000>, C4<0000000>;
o0x7fc917cd4018 .functor BUFZ 4, c4<zzzz>; HiZ drive
v0x55884899ed10_0 .net "in", 3 0, o0x7fc917cd4018;  0 drivers
v0x5588489c2dd0_0 .net "out", 6 0, L_0x5588489c2fd0;  1 drivers
v0x5588489c2eb0_0 .var "out_n", 6 0;
E_0x5588489afe30 .event anyedge, v0x55884899ed10_0;
    .scope S_0x55884899eb10;
T_0 ;
    %wait E_0x5588489afe30;
    %load/vec4 v0x55884899ed10_0;
    %dup/vec4;
    %pushi/vec4 0, 0, 4;
    %cmp/u;
    %jmp/1 T_0.0, 6;
    %dup/vec4;
    %pushi/vec4 1, 0, 4;
    %cmp/u;
    %jmp/1 T_0.1, 6;
    %dup/vec4;
    %pushi/vec4 2, 0, 4;
    %cmp/u;
    %jmp/1 T_0.2, 6;
    %dup/vec4;
    %pushi/vec4 3, 0, 4;
    %cmp/u;
    %jmp/1 T_0.3, 6;
    %dup/vec4;
    %pushi/vec4 4, 0, 4;
    %cmp/u;
    %jmp/1 T_0.4, 6;
    %dup/vec4;
    %pushi/vec4 5, 0, 4;
    %cmp/u;
    %jmp/1 T_0.5, 6;
    %dup/vec4;
    %pushi/vec4 6, 0, 4;
    %cmp/u;
    %jmp/1 T_0.6, 6;
    %dup/vec4;
    %pushi/vec4 7, 0, 4;
    %cmp/u;
    %jmp/1 T_0.7, 6;
    %dup/vec4;
    %pushi/vec4 8, 0, 4;
    %cmp/u;
    %jmp/1 T_0.8, 6;
    %dup/vec4;
    %pushi/vec4 9, 0, 4;
    %cmp/u;
    %jmp/1 T_0.9, 6;
    %dup/vec4;
    %pushi/vec4 10, 0, 4;
    %cmp/u;
    %jmp/1 T_0.10, 6;
    %dup/vec4;
    %pushi/vec4 11, 0, 4;
    %cmp/u;
    %jmp/1 T_0.11, 6;
    %dup/vec4;
    %pushi/vec4 12, 0, 4;
    %cmp/u;
    %jmp/1 T_0.12, 6;
    %dup/vec4;
    %pushi/vec4 13, 0, 4;
    %cmp/u;
    %jmp/1 T_0.13, 6;
    %dup/vec4;
    %pushi/vec4 14, 0, 4;
    %cmp/u;
    %jmp/1 T_0.14, 6;
    %dup/vec4;
    %pushi/vec4 15, 0, 4;
    %cmp/u;
    %jmp/1 T_0.15, 6;
    %pushi/vec4 0, 0, 7;
    %store/vec4 v0x5588489c2eb0_0, 0, 7;
    %jmp T_0.17;
T_0.0 ;
    %pushi/vec4 63, 0, 7;
    %store/vec4 v0x5588489c2eb0_0, 0, 7;
    %jmp T_0.17;
T_0.1 ;
    %pushi/vec4 6, 0, 7;
    %store/vec4 v0x5588489c2eb0_0, 0, 7;
    %jmp T_0.17;
T_0.2 ;
    %pushi/vec4 91, 0, 7;
    %store/vec4 v0x5588489c2eb0_0, 0, 7;
    %jmp T_0.17;
T_0.3 ;
    %pushi/vec4 79, 0, 7;
    %store/vec4 v0x5588489c2eb0_0, 0, 7;
    %jmp T_0.17;
T_0.4 ;
    %pushi/vec4 102, 0, 7;
    %store/vec4 v0x5588489c2eb0_0, 0, 7;
    %jmp T_0.17;
T_0.5 ;
    %pushi/vec4 109, 0, 7;
    %store/vec4 v0x5588489c2eb0_0, 0, 7;
    %jmp T_0.17;
T_0.6 ;
    %pushi/vec4 125, 0, 7;
    %store/vec4 v0x5588489c2eb0_0, 0, 7;
    %jmp T_0.17;
T_0.7 ;
    %pushi/vec4 7, 0, 7;
    %store/vec4 v0x5588489c2eb0_0, 0, 7;
    %jmp T_0.17;
T_0.8 ;
    %pushi/vec4 127, 0, 7;
    %store/vec4 v0x5588489c2eb0_0, 0, 7;
    %jmp T_0.17;
T_0.9 ;
    %pushi/vec4 111, 0, 7;
    %store/vec4 v0x5588489c2eb0_0, 0, 7;
    %jmp T_0.17;
T_0.10 ;
    %pushi/vec4 119, 0, 7;
    %store/vec4 v0x5588489c2eb0_0, 0, 7;
    %jmp T_0.17;
T_0.11 ;
    %pushi/vec4 127, 0, 7;
    %store/vec4 v0x5588489c2eb0_0, 0, 7;
    %jmp T_0.17;
T_0.12 ;
    %pushi/vec4 57, 0, 7;
    %store/vec4 v0x5588489c2eb0_0, 0, 7;
    %jmp T_0.17;
T_0.13 ;
    %pushi/vec4 63, 0, 7;
    %store/vec4 v0x5588489c2eb0_0, 0, 7;
    %jmp T_0.17;
T_0.14 ;
    %pushi/vec4 121, 0, 7;
    %store/vec4 v0x5588489c2eb0_0, 0, 7;
    %jmp T_0.17;
T_0.15 ;
    %pushi/vec4 113, 0, 7;
    %store/vec4 v0x5588489c2eb0_0, 0, 7;
    %jmp T_0.17;
T_0.17 ;
    %pop/vec4 1;
    %jmp T_0;
    .thread T_0, $push;
# The file index is used to find the file name in the following table.
:file_names 3;
    "N/A";
    "<interactive>";
    "sev_seg_hex_dec.v";
